Archive member included to satisfy reference by file (symbol)

/Applications/STM32CubeIDE.app/Contents/Eclipse/plugins/com.st.stm32cube.ide.mcu.externaltools.gnu-tools-for-stm32.12.3.rel1.macos64_1.0.200.202406191456/tools/bin/../lib/gcc/arm-none-eabi/12.3.1/../../../../arm-none-eabi/lib/thumb/v7-m/nofp/libc_nano.a(libc_a-exit.o)
                              /Applications/STM32CubeIDE.app/Contents/Eclipse/plugins/com.st.stm32cube.ide.mcu.externaltools.gnu-tools-for-stm32.12.3.rel1.macos64_1.0.200.202406191456/tools/bin/../lib/gcc/arm-none-eabi/12.3.1/../../../../arm-none-eabi/lib/thumb/v7-m/nofp/crt0.o (exit)
/Applications/STM32CubeIDE.app/Contents/Eclipse/plugins/com.st.stm32cube.ide.mcu.externaltools.gnu-tools-for-stm32.12.3.rel1.macos64_1.0.200.202406191456/tools/bin/../lib/gcc/arm-none-eabi/12.3.1/../../../../arm-none-eabi/lib/thumb/v7-m/nofp/libc_nano.a(libc_a-findfp.o)
                              /Applications/STM32CubeIDE.app/Contents/Eclipse/plugins/com.st.stm32cube.ide.mcu.externaltools.gnu-tools-for-stm32.12.3.rel1.macos64_1.0.200.202406191456/tools/bin/../lib/gcc/arm-none-eabi/12.3.1/../../../../arm-none-eabi/lib/thumb/v7-m/nofp/libc_nano.a(libc_a-exit.o) (__stdio_exit_handler)
/Applications/STM32CubeIDE.app/Contents/Eclipse/plugins/com.st.stm32cube.ide.mcu.externaltools.gnu-tools-for-stm32.12.3.rel1.macos64_1.0.200.202406191456/tools/bin/../lib/gcc/arm-none-eabi/12.3.1/../../../../arm-none-eabi/lib/thumb/v7-m/nofp/libc_nano.a(libc_a-fwalk.o)
                              /Applications/STM32CubeIDE.app/Contents/Eclipse/plugins/com.st.stm32cube.ide.mcu.externaltools.gnu-tools-for-stm32.12.3.rel1.macos64_1.0.200.202406191456/tools/bin/../lib/gcc/arm-none-eabi/12.3.1/../../../../arm-none-eabi/lib/thumb/v7-m/nofp/libc_nano.a(libc_a-findfp.o) (_fwalk_sglue)
/Applications/STM32CubeIDE.app/Contents/Eclipse/plugins/com.st.stm32cube.ide.mcu.externaltools.gnu-tools-for-stm32.12.3.rel1.macos64_1.0.200.202406191456/tools/bin/../lib/gcc/arm-none-eabi/12.3.1/../../../../arm-none-eabi/lib/thumb/v7-m/nofp/libc_nano.a(libc_a-memset.o)
                              /Applications/STM32CubeIDE.app/Contents/Eclipse/plugins/com.st.stm32cube.ide.mcu.externaltools.gnu-tools-for-stm32.12.3.rel1.macos64_1.0.200.202406191456/tools/bin/../lib/gcc/arm-none-eabi/12.3.1/../../../../arm-none-eabi/lib/thumb/v7-m/nofp/crt0.o (memset)
/Applications/STM32CubeIDE.app/Contents/Eclipse/plugins/com.st.stm32cube.ide.mcu.externaltools.gnu-tools-for-stm32.12.3.rel1.macos64_1.0.200.202406191456/tools/bin/../lib/gcc/arm-none-eabi/12.3.1/../../../../arm-none-eabi/lib/thumb/v7-m/nofp/libc_nano.a(libc_a-impure.o)
                              /Applications/STM32CubeIDE.app/Contents/Eclipse/plugins/com.st.stm32cube.ide.mcu.externaltools.gnu-tools-for-stm32.12.3.rel1.macos64_1.0.200.202406191456/tools/bin/../lib/gcc/arm-none-eabi/12.3.1/../../../../arm-none-eabi/lib/thumb/v7-m/nofp/libc_nano.a(libc_a-findfp.o) (_impure_data)
/Applications/STM32CubeIDE.app/Contents/Eclipse/plugins/com.st.stm32cube.ide.mcu.externaltools.gnu-tools-for-stm32.12.3.rel1.macos64_1.0.200.202406191456/tools/bin/../lib/gcc/arm-none-eabi/12.3.1/../../../../arm-none-eabi/lib/thumb/v7-m/nofp/libc_nano.a(libc_a-errno.o)
                              ./Core/Src/syscalls.o (__errno)
/Applications/STM32CubeIDE.app/Contents/Eclipse/plugins/com.st.stm32cube.ide.mcu.externaltools.gnu-tools-for-stm32.12.3.rel1.macos64_1.0.200.202406191456/tools/bin/../lib/gcc/arm-none-eabi/12.3.1/../../../../arm-none-eabi/lib/thumb/v7-m/nofp/libc_nano.a(libc_a-init.o)
                              /Applications/STM32CubeIDE.app/Contents/Eclipse/plugins/com.st.stm32cube.ide.mcu.externaltools.gnu-tools-for-stm32.12.3.rel1.macos64_1.0.200.202406191456/tools/bin/../lib/gcc/arm-none-eabi/12.3.1/../../../../arm-none-eabi/lib/thumb/v7-m/nofp/crt0.o (__libc_init_array)
/Applications/STM32CubeIDE.app/Contents/Eclipse/plugins/com.st.stm32cube.ide.mcu.externaltools.gnu-tools-for-stm32.12.3.rel1.macos64_1.0.200.202406191456/tools/bin/../lib/gcc/arm-none-eabi/12.3.1/../../../../arm-none-eabi/lib/thumb/v7-m/nofp/libc_nano.a(libc_a-lock.o)
                              /Applications/STM32CubeIDE.app/Contents/Eclipse/plugins/com.st.stm32cube.ide.mcu.externaltools.gnu-tools-for-stm32.12.3.rel1.macos64_1.0.200.202406191456/tools/bin/../lib/gcc/arm-none-eabi/12.3.1/../../../../arm-none-eabi/lib/thumb/v7-m/nofp/libc_nano.a(libc_a-findfp.o) (__retarget_lock_init_recursive)
/Applications/STM32CubeIDE.app/Contents/Eclipse/plugins/com.st.stm32cube.ide.mcu.externaltools.gnu-tools-for-stm32.12.3.rel1.macos64_1.0.200.202406191456/tools/bin/../lib/gcc/arm-none-eabi/12.3.1/../../../../arm-none-eabi/lib/thumb/v7-m/nofp/libc_nano.a(libc_a-mallocr.o)
[...]
Memory Configuration

Name             Origin             Length             Attributes
RAM              0x20000000         0x00005000         xrw
FLASH            0x08000000         0x00010000         xr
*default*        0x00000000         0xffffffff

Linker script and memory map

LOAD /Applications/STM32CubeIDE.app/Contents/Eclipse/plugins/com.st.stm32cube.ide.mcu.externaltools.gnu-tools-for-stm32.12.3.rel1.macos64_1.0.200.202406191456/tools/bin/../lib/gcc/arm-none-eabi/12.3.1/thumb/v7-m/nofp/crti.o
LOAD /Applications/STM32CubeIDE.app/Contents/Eclipse/plugins/com.st.stm32cube.ide.mcu.externaltools.gnu-tools-for-stm32.12.3.rel1.macos64_1.0.200.202406191456/tools/bin/../lib/gcc/arm-none-eabi/12.3.1/thumb/v7-m/nofp/crtbegin.o
LOAD /Applications/STM32CubeIDE.app/Contents/Eclipse/plugins/com.st.stm32cube.ide.mcu.externaltools.gnu-tools-for-stm32.12.3.rel1.macos64_1.0.200.202406191456/tools/bin/../lib/gcc/arm-none-eabi/12.3.1/../../../../arm-none-eabi/lib/thumb/v7-m/nofp/crt0.o
LOAD ./Core/Src/flash.o
LOAD ./Core/Src/lcd.o
LOAD ./Core/Src/main.o
LOAD ./Core/Src/rc522.o
LOAD ./Core/Src/stm32f1xx_hal_msp.o
LOAD ./Core/Src/stm32f1xx_it.o
LOAD ./Core/Src/syscalls.o
LOAD ./Core/Src/sysmem.o
LOAD ./Core/Src/system_stm32f1xx.o
LOAD ./Core/Startup/startup_stm32f103c8tx.o
LOAD ./Drivers/STM32F1xx_HAL_Driver/Src/stm32f1xx_hal.o
LOAD ./Drivers/STM32F1xx_HAL_Driver/Src/stm32f1xx_hal_cortex.o
LOAD ./Drivers/STM32F1xx_HAL_Driver/Src/stm32f1xx_hal_dma.o
LOAD ./Drivers/STM32F1xx_HAL_Driver/Src/stm32f1xx_hal_exti.o
LOAD ./Drivers/STM32F1xx_HAL_Driver/Src/stm32f1xx_hal_flash.o
LOAD ./Drivers/STM32F1xx_HAL_Driver/Src/stm32f1xx_hal_flash_ex.o
LOAD ./Drivers/STM32F1xx_HAL_Driver/Src/stm32f1xx_hal_gpio.o
LOAD ./Drivers/STM32F1xx_HAL_Driver/Src/stm32f1xx_hal_gpio_ex.o
LOAD ./Drivers/STM32F1xx_HAL_Driver/Src/stm32f1xx_hal_pwr.o
LOAD ./Drivers/STM32F1xx_HAL_Driver/Src/stm32f1xx_hal_rcc.o
LOAD ./Drivers/STM32F1xx_HAL_Driver/Src/stm32f1xx_hal_rcc_ex.o
LOAD ./Drivers/STM32F1xx_HAL_Driver/Src/stm32f1xx_hal_spi.o
LOAD ./Drivers/STM32F1xx_HAL_Driver/Src/stm32f1xx_hal_tim.o
LOAD ./Drivers/STM32F1xx_HAL_Driver/Src/stm32f1xx_hal_tim_ex.o
START GROUP
LOAD /Applications/STM32CubeIDE.app/Contents/Eclipse/plugins/com.st.stm32cube.ide.mcu.externaltools.gnu-tools-for-stm32.12.3.rel1.macos64_1.0.200.202406191456/tools/bin/../lib/gcc/arm-none-eabi/12.3.1/../../../../arm-none-eabi/lib/thumb/v7-m/nofp/libc_nano.a
LOAD /Applications/STM32CubeIDE.app/Contents/Eclipse/plugins/com.st.stm32cube.ide.mcu.externaltools.gnu-tools-for-stm32.12.3.rel1.macos64_1.0.200.202406191456/tools/bin/../lib/gcc/arm-none-eabi/12.3.1/../../../../arm-none-eabi/lib/thumb/v7-m/nofp/libm.a
END GROUP
START GROUP
LOAD /Applications/STM32CubeIDE.app/Contents/Eclipse/plugins/com.st.stm32cube.ide.mcu.externaltools.gnu-tools-for-stm32.12.3.rel1.macos64_1.0.200.202406191456/tools/bin/../lib/gcc/arm-none-eabi/12.3.1/thumb/v7-m/nofp/libgcc.a
LOAD /Applications/STM32CubeIDE.app/Contents/Eclipse/plugins/com.st.stm32cube.ide.mcu.externaltools.gnu-tools-for-stm32.12.3.rel1.macos64_1.0.200.202406191456/tools/bin/../lib/gcc/arm-none-eabi/12.3.1/../../../../arm-none-eabi/lib/thumb/v7-m/nofp/libc_nano.a
END GROUP
START GROUP
LOAD /Applications/STM32CubeIDE.app/Contents/Eclipse/plugins/com.st.stm32cube.ide.mcu.externaltools.gnu-tools-for-stm32.12.3.rel1.macos64_1.0.200.202406191456/tools/bin/../lib/gcc/arm-none-eabi/12.3.1/thumb/v7-m/nofp/libgcc.a
LOAD /Applications/STM32CubeIDE.app/Contents/Eclipse/plugins/com.st.stm32cube.ide.mcu.externaltools.gnu-tools-for-stm32.12.3.rel1.macos64_1.0.200.202406191456/tools/bin/../lib/gcc/arm-none-eabi/12.3.1/../../../../arm-none-eabi/lib/thumb/v7-m/nofp/libc_nano.a
LOAD /Applications/STM32CubeIDE.app/Contents/Eclipse/plugins/com.st.stm32cube.ide.mcu.externaltools.gnu-tools-for-stm32.12.3.rel1.macos64_1.0.200.202406191456/tools/bin/../lib/gcc/arm-none-eabi/12.3.1/../../../../arm-none-eabi/lib/thumb/v7-m/nofp/libnosys.a
END GROUP
START GROUP
LOAD /Applications/STM32CubeIDE.app/Contents/Eclipse/plugins/com.st.stm32cube.ide.mcu.externaltools.gnu-tools-for-stm32.12.3.rel1.macos64_1.0.200.202406191456/tools/bin/../lib/gcc/arm-none-eabi/12.3.1/thumb/v7-m/nofp/libgcc.a
LOAD /Applications/STM32CubeIDE.app/Contents/Eclipse/plugins/com.st.stm32cube.ide.mcu.externaltools.gnu-tools-for-stm32.12.3.rel1.macos64_1.0.200.202406191456/tools/bin/../lib/gcc/arm-none-eabi/12.3.1/../../../../arm-none-eabi/lib/thumb/v7-m/nofp/libc_nano.a
LOAD /Applications/STM32CubeIDE.app/Contents/Eclipse/plugins/com.st.stm32cube.ide.mcu.externaltools.gnu-tools-for-stm32.12.3.rel1.macos64_1.0.200.202406191456/tools/bin/../lib/gcc/arm-none-eabi/12.3.1/../../../../arm-none-eabi/lib/thumb/v7-m/nofp/libnosys.a
END GROUP
LOAD /Applications/STM32CubeIDE.app/Contents/Eclipse/plugins/com.st.stm32cube.ide.mcu.externaltools.gnu-tools-for-stm32.12.3.rel1.macos64_1.0.200.202406191456/tools/bin/../lib/gcc/arm-none-eabi/12.3.1/thumb/v7-m/nofp/crtend.o
LOAD /Applications/STM32CubeIDE.app/Contents/Eclipse/plugins/com.st.stm32cube.ide.mcu.externaltools.gnu-tools-for-stm32.12.3.rel1.macos64_1.0.200.202406191456/tools/bin/../lib/gcc/arm-none-eabi/12.3.1/thumb/v7-m/nofp/crtn.o
                0x20005000                        _estack = (ORIGIN (RAM) + LENGTH (RAM))
                0x00000200                        _Min_Heap_Size = 0x200
                0x00000400                        _Min_Stack_Size = 0x400

.isr_vector     0x08000000      0x10c
                0x08000000                        . = ALIGN (0x4)
 *(.isr_vector)
 .isr_vector    0x08000000      0x10c ./Core/Startup/startup_stm32f103c8tx.o
                0x08000000                g_pfnVectors
                0x0800010c                        . = ALIGN (0x4)

.text           0x0800010c     0x5b64
                0x0800010c                        . = ALIGN (0x4)
 *(.text)
 .text          0x0800010c       0x40 /Applications/STM32CubeIDE.app/Contents/Eclipse/plugins/com.st.stm32cube.ide.mcu.externaltools.gnu-tools-for-stm32.12.3.rel1.macos64_1.0.200.202406191456/tools/bin/../lib/gcc/arm-none-eabi/12.3.1/thumb/v7-m/nofp/crtbegin.o
 *(.text*)
 .text.Flash_Erase
                0x0800014c       0x38 ./Core/Src/flash.o
                0x0800014c                Flash_Erase
 .text.Flash_Write_2Byte
                0x08000184       0x30 ./Core/Src/flash.o
                0x08000184                Flash_Write_2Byte
 .text.Flash_Write_Array
                0x080001b4       0x46 ./Core/Src/flash.o
                0x080001b4                Flash_Write_Array
 .text.Flash_Read_Byte
                0x080001fa       0x18 ./Core/Src/flash.o
                0x080001fa                Flash_Read_Byte
 .text.Flash_Read_2Byte
                0x08000212       0x18 ./Core/Src/flash.o
                0x08000212                Flash_Read_2Byte
 .text.Flash_Read_8Byte
                0x0800022a       0x1a ./Core/Src/flash.o
                0x0800022a                Flash_Read_8Byte
 .text.Flash_Read_Array
                0x08000244       0x42 ./Core/Src/flash.o
                0x08000244                Flash_Read_Array
 .text.CLCD_Delay
                0x08000286       0x1a ./Core/Src/lcd.o
 .text.CLCD_Write8
                0x080002a0      0x154 ./Core/Src/lcd.o
 .text.CLCD_Write4
                0x080003f4      0x1a8 ./Core/Src/lcd.o
 .text.CLCD_4BIT_Init
                0x0800059c      0x126 ./Core/Src/lcd.o
                0x0800059c                CLCD_4BIT_Init
 *fill*         0x080006c2        0x2 
 .text.CLCD_SetCursor
                0x080006c4       0x90 ./Core/Src/lcd.o
                0x080006c4                CLCD_SetCursor
 .text.CLCD_WriteChar
                0x08000754       0x3e ./Core/Src/lcd.o
                0x08000754                CLCD_WriteChar
 .text.CLCD_WriteString
                0x08000792       0x2e ./Core/Src/lcd.o
                0x08000792                CLCD_WriteString
 .text.CLCD_Clear
                0x080007c0       0x3c ./Core/Src/lcd.o
                0x080007c0                CLCD_Clear
 .text.HAL_TIM_PeriodElapsedCallback
                0x080007fc       0x40 ./Core/Src/main.o
                0x080007fc                HAL_TIM_PeriodElapsedCallback
 .text.main     0x0800083c      0x2b8 ./Core/Src/main.o
                0x0800083c                main
 .text.SystemClock_Config
                0x08000af4       0x8a ./Core/Src/main.o
                0x08000af4                SystemClock_Config
 *fill*         0x08000b7e        0x2 
 .text.MX_SPI1_Init
                0x08000b80       0x6c ./Core/Src/main.o
 .text.MX_TIM2_Init
                0x08000bec       0x9c ./Core/Src/main.o
 .text.MX_GPIO_Init
                0x08000c88      0x140 ./Core/Src/main.o
 .text.checkbuton
                0x08000dc8       0x9c ./Core/Src/main.o
                0x08000dc8                checkbuton
 .text.seclectmenu
                0x08000e64     0x1df4 ./Core/Src/main.o
                0x08000e64                seclectmenu
 .text.CheckUID
                0x08002c58       0x58 ./Core/Src/main.o
                0x08002c58                CheckUID
 .text.CheckListUID
                0x08002cb0       0x60 ./Core/Src/main.o
                0x08002cb0                CheckListUID
 .text.checkcountUID
                0x08002d10       0x64 ./Core/Src/main.o
                0x08002d10                checkcountUID
 .text.adduid   0x08002d74      0x164 ./Core/Src/main.o
                0x08002d74                adduid
 .text.checkthe
                0x08002ed8      0x224 ./Core/Src/main.o
                0x08002ed8                checkthe
 .text.CheckKey
                0x080030fc       0x5c ./Core/Src/main.o
                0x080030fc                CheckKey
 .text.removeuid
                0x08003158       0x1c ./Core/Src/main.o
                0x08003158                removeuid
 .text.startadd
                0x08003174      0x150 ./Core/Src/main.o
                0x08003174                startadd
 .text.setaddress
                0x080032c4       0x38 ./Core/Src/main.o
                0x080032c4                setaddress
 .text.password
                0x080032fc      0x164 ./Core/Src/main.o
                0x080032fc                password
 .text.resetflash
                0x08003460       0x38 ./Core/Src/main.o
                0x08003460                resetflash
 .text.Error_Handler
                0x08003498        0xc ./Core/Src/main.o
                0x08003498                Error_Handler
 .text.TM_SPI_Send
                0x080034a4       0x50 ./Core/Src/rc522.o
                0x080034a4                TM_SPI_Send
 .text.TM_MFRC522_Init
                0x080034f4       0x48 ./Core/Src/rc522.o
                0x080034f4                TM_MFRC522_Init
 .text.TM_MFRC522_Check
                0x0800353c       0x32 ./Core/Src/rc522.o
                0x0800353c                TM_MFRC522_Check
 *fill*         0x0800356e        0x2 
 .text.TM_MFRC522_WriteRegister
                0x08003570       0x4c ./Core/Src/rc522.o
                0x08003570                TM_MFRC522_WriteRegister
 .text.TM_MFRC522_ReadRegister
                0x080035bc       0x50 ./Core/Src/rc522.o
                0x080035bc                TM_MFRC522_ReadRegister
 .text.TM_MFRC522_SetBitMask
                0x0800360c       0x34 ./Core/Src/rc522.o
                0x0800360c                TM_MFRC522_SetBitMask
 .text.TM_MFRC522_ClearBitMask
                0x08003640       0x3c ./Core/Src/rc522.o
                0x08003640                TM_MFRC522_ClearBitMask
 .text.TM_MFRC522_AntennaOn
                0x0800367c       0x2a ./Core/Src/rc522.o
                0x0800367c                TM_MFRC522_AntennaOn
 .text.TM_MFRC522_Reset
                0x080036a6       0x10 ./Core/Src/rc522.o
                0x080036a6                TM_MFRC522_Reset
 .text.TM_MFRC522_Request
                0x080036b6       0x4a ./Core/Src/rc522.o
                0x080036b6                TM_MFRC522_Request
 .text.TM_MFRC522_ToCard
                0x08003700      0x19e ./Core/Src/rc522.o
                0x08003700                TM_MFRC522_ToCard
 .text.TM_MFRC522_Anticoll
                0x0800389e       0x7a ./Core/Src/rc522.o
                0x0800389e                TM_MFRC522_Anticoll
 .text.TM_MFRC522_CalculateCRC
                0x08003918       0x92 ./Core/Src/rc522.o
                0x08003918                TM_MFRC522_CalculateCRC
 .text.TM_MFRC522_Halt
                0x080039aa       0x36 ./Core/Src/rc522.o
                0x080039aa                TM_MFRC522_Halt
 .text.HAL_MspInit
                0x080039e0       0x64 ./Core/Src/stm32f1xx_hal_msp.o
                0x080039e0                HAL_MspInit
 .text.HAL_SPI_MspInit
                0x08003a44       0x94 ./Core/Src/stm32f1xx_hal_msp.o
                0x08003a44                HAL_SPI_MspInit
 .text.HAL_TIM_Base_MspInit
                0x08003ad8       0x48 ./Core/Src/stm32f1xx_hal_msp.o
                0x08003ad8                HAL_TIM_Base_MspInit
 .text.NMI_Handler
                0x08003b20        0x8 ./Core/Src/stm32f1xx_it.o
                0x08003b20                NMI_Handler
 .text.HardFault_Handler
                0x08003b28        0x8 ./Core/Src/stm32f1xx_it.o
                0x08003b28                HardFault_Handler
 .text.MemManage_Handler
                0x08003b30        0x8 ./Core/Src/stm32f1xx_it.o
                0x08003b30                MemManage_Handler
 .text.BusFault_Handler
                0x08003b38        0x8 ./Core/Src/stm32f1xx_it.o
                0x08003b38                BusFault_Handler
 .text.UsageFault_Handler
                0x08003b40        0x8 ./Core/Src/stm32f1xx_it.o
                0x08003b40                UsageFault_Handler
 .text.SVC_Handler
                0x08003b48        0xc ./Core/Src/stm32f1xx_it.o
                0x08003b48                SVC_Handler
 .text.DebugMon_Handler
                0x08003b54        0xc ./Core/Src/stm32f1xx_it.o
                0x08003b54                DebugMon_Handler
 .text.PendSV_Handler
                0x08003b60        0xc ./Core/Src/stm32f1xx_it.o
                0x08003b60                PendSV_Handler
 .text.SysTick_Handler
                0x08003b6c        0xc ./Core/Src/stm32f1xx_it.o
                0x08003b6c                SysTick_Handler
 .text.TIM2_IRQHandler
                0x08003b78       0x14 ./Core/Src/stm32f1xx_it.o
                0x08003b78                TIM2_IRQHandler
 .text.SystemInit
                0x08003b8c        0xc ./Core/Src/system_stm32f1xx.o
                0x08003b8c                SystemInit
 .text.Reset_Handler
                0x08003b98       0x48 ./Core/Startup/startup_stm32f103c8tx.o
                0x08003b98                Reset_Handler
 .text.Default_Handler
                0x08003be0        0x2 ./Core/Startup/startup_stm32f103c8tx.o
                0x08003be0                USBWakeUp_IRQHandler
                0x08003be0                EXTI2_IRQHandler
                0x08003be0                TIM1_CC_IRQHandler
                0x08003be0                PVD_IRQHandler
                0x08003be0                EXTI3_IRQHandler
                0x08003be0                EXTI0_IRQHandler
                0x08003be0                I2C2_EV_IRQHandler
                0x08003be0                ADC1_2_IRQHandler
                0x08003be0                SPI1_IRQHandler
                0x08003be0                TAMPER_IRQHandler
                0x08003be0                DMA1_Channel4_IRQHandler
                0x08003be0                USART3_IRQHandler
                0x08003be0                RTC_IRQHandler
                0x08003be0                DMA1_Channel7_IRQHandler
                0x08003be0                CAN1_RX1_IRQHandler
                0x08003be0                TIM4_IRQHandler
                0x08003be0                I2C1_EV_IRQHandler
                0x08003be0                DMA1_Channel6_IRQHandler
                0x08003be0                TIM3_IRQHandler
                0x08003be0                RCC_IRQHandler
                0x08003be0                TIM1_TRG_COM_IRQHandler
                0x08003be0                DMA1_Channel1_IRQHandler
                0x08003be0                Default_Handler
                0x08003be0                EXTI15_10_IRQHandler
                0x08003be0                EXTI9_5_IRQHandler
                0x08003be0                SPI2_IRQHandler
                0x08003be0                DMA1_Channel5_IRQHandler
                0x08003be0                EXTI4_IRQHandler
                0x08003be0                USB_LP_CAN1_RX0_IRQHandler
                0x08003be0                USB_HP_CAN1_TX_IRQHandler
                0x08003be0                DMA1_Channel3_IRQHandler
                0x08003be0                TIM1_UP_IRQHandler
                0x08003be0                WWDG_IRQHandler
                0x08003be0                TIM1_BRK_IRQHandler
                0x08003be0                EXTI1_IRQHandler
                0x08003be0                USART2_IRQHandler
                0x08003be0                I2C2_ER_IRQHandler
                0x08003be0                DMA1_Channel2_IRQHandler
                0x08003be0                CAN1_SCE_IRQHandler
                0x08003be0                FLASH_IRQHandler
                0x08003be0                USART1_IRQHandler
                0x08003be0                I2C1_ER_IRQHandler
                0x08003be0                RTC_Alarm_IRQHandler
 *fill*         0x08003be2        0x2 
 .text.HAL_Init
                0x08003be4       0x2c ./Drivers/STM32F1xx_HAL_Driver/Src/stm32f1xx_hal.o
                0x08003be4                HAL_Init
 .text.HAL_InitTick
                0x08003c10       0x60 ./Drivers/STM32F1xx_HAL_Driver/Src/stm32f1xx_hal.o
                0x08003c10                HAL_InitTick
 .text.HAL_IncTick
                0x08003c70       0x24 ./Drivers/STM32F1xx_HAL_Driver/Src/stm32f1xx_hal.o
                0x08003c70                HAL_IncTick
 .text.HAL_GetTick
                0x08003c94       0x14 ./Drivers/STM32F1xx_HAL_Driver/Src/stm32f1xx_hal.o
                0x08003c94                HAL_GetTick
 .text.HAL_Delay
                0x08003ca8       0x48 ./Drivers/STM32F1xx_HAL_Driver/Src/stm32f1xx_hal.o
                0x08003ca8                HAL_Delay
 .text.__NVIC_SetPriorityGrouping
                0x08003cf0       0x48 ./Drivers/STM32F1xx_HAL_Driver/Src/stm32f1xx_hal_cortex.o
 .text.__NVIC_GetPriorityGrouping
                0x08003d38       0x1c ./Drivers/STM32F1xx_HAL_Driver/Src/stm32f1xx_hal_cortex.o
 .text.__NVIC_EnableIRQ
                0x08003d54       0x38 ./Drivers/STM32F1xx_HAL_Driver/Src/stm32f1xx_hal_cortex.o
 .text.__NVIC_SetPriority
                0x08003d8c       0x54 ./Drivers/STM32F1xx_HAL_Driver/Src/stm32f1xx_hal_cortex.o
 .text.NVIC_EncodePriority
                0x08003de0       0x64 ./Drivers/STM32F1xx_HAL_Driver/Src/stm32f1xx_hal_cortex.o
 .text.SysTick_Config
                0x08003e44       0x44 ./Drivers/STM32F1xx_HAL_Driver/Src/stm32f1xx_hal_cortex.o
 .text.HAL_NVIC_SetPriorityGrouping
                0x08003e88       0x16 ./Drivers/STM32F1xx_HAL_Driver/Src/stm32f1xx_hal_cortex.o
                0x08003e88                HAL_NVIC_SetPriorityGrouping
 .text.HAL_NVIC_SetPriority
                0x08003e9e       0x38 ./Drivers/STM32F1xx_HAL_Driver/Src/stm32f1xx_hal_cortex.o
                0x08003e9e                HAL_NVIC_SetPriority
 .text.HAL_NVIC_EnableIRQ
                0x08003ed6       0x1c ./Drivers/STM32F1xx_HAL_Driver/Src/stm32f1xx_hal_cortex.o
                0x08003ed6                HAL_NVIC_EnableIRQ
 .text.HAL_SYSTICK_Config
                0x08003ef2       0x18 ./Drivers/STM32F1xx_HAL_Driver/Src/stm32f1xx_hal_cortex.o
                0x08003ef2                HAL_SYSTICK_Config
 *fill*         0x08003f0a        0x2 
 .text.HAL_FLASH_Program
                0x08003f0c       0xe0 ./Drivers/STM32F1xx_HAL_Driver/Src/stm32f1xx_hal_flash.o
                0x08003f0c                HAL_FLASH_Program
 .text.HAL_FLASH_Unlock
                0x08003fec       0x4c ./Drivers/STM32F1xx_HAL_Driver/Src/stm32f1xx_hal_flash.o
                0x08003fec                HAL_FLASH_Unlock
 .text.HAL_FLASH_Lock
                0x08004038       0x20 ./Drivers/STM32F1xx_HAL_Driver/Src/stm32f1xx_hal_flash.o
                0x08004038                HAL_FLASH_Lock
 .text.FLASH_Program_HalfWord
                0x08004058       0x38 ./Drivers/STM32F1xx_HAL_Driver/Src/stm32f1xx_hal_flash.o
 .text.FLASH_WaitForLastOperation
                0x08004090       0x8c ./Drivers/STM32F1xx_HAL_Driver/Src/stm32f1xx_hal_flash.o
                0x08004090                FLASH_WaitForLastOperation
 .text.FLASH_SetErrorCode
                0x0800411c       0xa0 ./Drivers/STM32F1xx_HAL_Driver/Src/stm32f1xx_hal_flash.o
 .text.HAL_FLASHEx_Erase
                0x080041bc       0xd8 ./Drivers/STM32F1xx_HAL_Driver/Src/stm32f1xx_hal_flash_ex.o
                0x080041bc                HAL_FLASHEx_Erase
 .text.FLASH_MassErase
                0x08004294       0x38 ./Drivers/STM32F1xx_HAL_Driver/Src/stm32f1xx_hal_flash_ex.o
 .text.FLASH_PageErase
                0x080042cc       0x40 ./Drivers/STM32F1xx_HAL_Driver/Src/stm32f1xx_hal_flash_ex.o
                0x080042cc                FLASH_PageErase
 .text.HAL_GPIO_Init
                0x0800430c      0x308 ./Drivers/STM32F1xx_HAL_Driver/Src/stm32f1xx_hal_gpio.o
                0x0800430c                HAL_GPIO_Init
 .text.HAL_GPIO_ReadPin
                0x08004614       0x2e ./Drivers/STM32F1xx_HAL_Driver/Src/stm32f1xx_hal_gpio.o
                0x08004614                HAL_GPIO_ReadPin
 .text.HAL_GPIO_WritePin
                0x08004642       0x30 ./Drivers/STM32F1xx_HAL_Driver/Src/stm32f1xx_hal_gpio.o
                0x08004642                HAL_GPIO_WritePin
 .text.HAL_GPIO_TogglePin
                0x08004672       0x32 ./Drivers/STM32F1xx_HAL_Driver/Src/stm32f1xx_hal_gpio.o
                0x08004672                HAL_GPIO_TogglePin
 .text.HAL_RCC_OscConfig
                0x080046a4      0x504 ./Drivers/STM32F1xx_HAL_Driver/Src/stm32f1xx_hal_rcc.o
                0x080046a4                HAL_RCC_OscConfig
 .text.HAL_RCC_ClockConfig
                0x08004ba8      0x1d4 ./Drivers/STM32F1xx_HAL_Driver/Src/stm32f1xx_hal_rcc.o
                0x08004ba8                HAL_RCC_ClockConfig
 .text.HAL_RCC_GetSysClockFreq
                0x08004d7c       0xbc ./Drivers/STM32F1xx_HAL_Driver/Src/stm32f1xx_hal_rcc.o
                0x08004d7c                HAL_RCC_GetSysClockFreq
 .text.RCC_Delay
                0x08004e38       0x3c ./Drivers/STM32F1xx_HAL_Driver/Src/stm32f1xx_hal_rcc.o
 .text.HAL_SPI_Init
                0x08004e74      0x108 ./Drivers/STM32F1xx_HAL_Driver/Src/stm32f1xx_hal_spi.o
                0x08004e74                HAL_SPI_Init
 .text.HAL_SPI_TransmitReceive
                0x08004f7c      0x344 ./Drivers/STM32F1xx_HAL_Driver/Src/stm32f1xx_hal_spi.o
                0x08004f7c                HAL_SPI_TransmitReceive
 .text.SPI_WaitFlagStateUntilTimeout
                0x080052c0      0x110 ./Drivers/STM32F1xx_HAL_Driver/Src/stm32f1xx_hal_spi.o
 .text.SPI_EndRxTxTransaction
                0x080053d0       0x3c ./Drivers/STM32F1xx_HAL_Driver/Src/stm32f1xx_hal_spi.o
 .text.HAL_TIM_Base_Init
                0x0800540c       0x9e ./Drivers/STM32F1xx_HAL_Driver/Src/stm32f1xx_hal_tim.o
                0x0800540c                HAL_TIM_Base_Init
 *fill*         0x080054aa        0x2 
 .text.HAL_TIM_Base_Start_IT
                0x080054ac       0xa4 ./Drivers/STM32F1xx_HAL_Driver/Src/stm32f1xx_hal_tim.o
                0x080054ac                HAL_TIM_Base_Start_IT
 .text.HAL_TIM_IRQHandler
                0x08005550      0x210 ./Drivers/STM32F1xx_HAL_Driver/Src/stm32f1xx_hal_tim.o
                0x08005550                HAL_TIM_IRQHandler
 .text.HAL_TIM_ConfigClockSource
                0x08005760      0x188 ./Drivers/STM32F1xx_HAL_Driver/Src/stm32f1xx_hal_tim.o
                0x08005760                HAL_TIM_ConfigClockSource
 .text.HAL_TIM_OC_DelayElapsedCallback
                0x080058e8       0x12 ./Drivers/STM32F1xx_HAL_Driver/Src/stm32f1xx_hal_tim.o
                0x080058e8                HAL_TIM_OC_DelayElapsedCallback
 .text.HAL_TIM_IC_CaptureCallback
                0x080058fa       0x12 ./Drivers/STM32F1xx_HAL_Driver/Src/stm32f1xx_hal_tim.o
                0x080058fa                HAL_TIM_IC_CaptureCallback
 .text.HAL_TIM_PWM_PulseFinishedCallback
                0x0800590c       0x12 ./Drivers/STM32F1xx_HAL_Driver/Src/stm32f1xx_hal_tim.o
                0x0800590c                HAL_TIM_PWM_PulseFinishedCallback
 .text.HAL_TIM_TriggerCallback
                0x0800591e       0x12 ./Drivers/STM32F1xx_HAL_Driver/Src/stm32f1xx_hal_tim.o
                0x0800591e                HAL_TIM_TriggerCallback
 .text.TIM_Base_SetConfig
                0x08005930       0xc4 ./Drivers/STM32F1xx_HAL_Driver/Src/stm32f1xx_hal_tim.o
                0x08005930                TIM_Base_SetConfig
 .text.TIM_TI1_ConfigInputStage
                0x080059f4       0x5c ./Drivers/STM32F1xx_HAL_Driver/Src/stm32f1xx_hal_tim.o
 .text.TIM_TI2_ConfigInputStage
                0x08005a50       0x5e ./Drivers/STM32F1xx_HAL_Driver/Src/stm32f1xx_hal_tim.o
 .text.TIM_ITRx_SetConfig
                0x08005aae       0x34 ./Drivers/STM32F1xx_HAL_Driver/Src/stm32f1xx_hal_tim.o
 .text.TIM_ETR_SetConfig
                0x08005ae2       0x3e ./Drivers/STM32F1xx_HAL_Driver/Src/stm32f1xx_hal_tim.o
                0x08005ae2                TIM_ETR_SetConfig
 .text.HAL_TIMEx_MasterConfigSynchronization
                0x08005b20       0xbc ./Drivers/STM32F1xx_HAL_Driver/Src/stm32f1xx_hal_tim_ex.o
                0x08005b20                HAL_TIMEx_MasterConfigSynchronization
 .text.HAL_TIMEx_CommutCallback
                0x08005bdc       0x12 ./Drivers/STM32F1xx_HAL_Driver/Src/stm32f1xx_hal_tim_ex.o
                0x08005bdc                HAL_TIMEx_CommutCallback
 .text.HAL_TIMEx_BreakCallback
                0x08005bee       0x12 ./Drivers/STM32F1xx_HAL_Driver/Src/stm32f1xx_hal_tim_ex.o
                0x08005bee                HAL_TIMEx_BreakCallback
 .text.memset   0x08005c00       0x10 /Applications/STM32CubeIDE.app/Contents/Eclipse/plugins/com.st.stm32cube.ide.mcu.externaltools.gnu-tools-for-stm32.12.3.rel1.macos64_1.0.200.202406191456/tools/bin/../lib/gcc/arm-none-eabi/12.3.1/../../../../arm-none-eabi/lib/thumb/v7-m/nofp/libc_nano.a(libc_a-memset.o)
                0x08005c00                memset
 .text.__libc_init_array
                0x08005c10       0x48 /Applications/STM32CubeIDE.app/Contents/Eclipse/plugins/com.st.stm32cube.ide.mcu.externaltools.gnu-tools-for-stm32.12.3.rel1.macos64_1.0.200.202406191456/tools/bin/../lib/gcc/arm-none-eabi/12.3.1/../../../../arm-none-eabi/lib/thumb/v7-m/nofp/libc_nano.a(libc_a-init.o)
                0x08005c10                __libc_init_array
 *(.glue_7)
 .glue_7        0x08005c58        0x0 linker stubs
 *(.glue_7t)
 .glue_7t       0x08005c58        0x0 linker stubs
 *(.eh_frame)
 .eh_frame      0x08005c58        0x0 /Applications/STM32CubeIDE.app/Contents/Eclipse/plugins/com.st.stm32cube.ide.mcu.externaltools.gnu-tools-for-stm32.12.3.rel1.macos64_1.0.200.202406191456/tools/bin/../lib/gcc/arm-none-eabi/12.3.1/thumb/v7-m/nofp/crtbegin.o
 *(.init)
 .init          0x08005c58        0x4 /Applications/STM32CubeIDE.app/Contents/Eclipse/plugins/com.st.stm32cube.ide.mcu.externaltools.gnu-tools-for-stm32.12.3.rel1.macos64_1.0.200.202406191456/tools/bin/../lib/gcc/arm-none-eabi/12.3.1/thumb/v7-m/nofp/crti.o
                0x08005c58                _init
 .init          0x08005c5c        0x8 /Applications/STM32CubeIDE.app/Contents/Eclipse/plugins/com.st.stm32cube.ide.mcu.externaltools.gnu-tools-for-stm32.12.3.rel1.macos64_1.0.200.202406191456/tools/bin/../lib/gcc/arm-none-eabi/12.3.1/thumb/v7-m/nofp/crtn.o
 *(.fini)
 .fini          0x08005c64        0x4 /Applications/STM32CubeIDE.app/Contents/Eclipse/plugins/com.st.stm32cube.ide.mcu.externaltools.gnu-tools-for-stm32.12.3.rel1.macos64_1.0.200.202406191456/tools/bin/../lib/gcc/arm-none-eabi/12.3.1/thumb/v7-m/nofp/crti.o
                0x08005c64                _fini
 .fini          0x08005c68        0x8 /Applications/STM32CubeIDE.app/Contents/Eclipse/plugins/com.st.stm32cube.ide.mcu.externaltools.gnu-tools-for-stm32.12.3.rel1.macos64_1.0.200.202406191456/tools/bin/../lib/gcc/arm-none-eabi/12.3.1/thumb/v7-m/nofp/crtn.o
                0x08005c70                        . = ALIGN (0x4)
                0x08005c70                        _etext = .

.vfp11_veneer   0x08005c70        0x0
 .vfp11_veneer  0x08005c70        0x0 linker stubs

.v4_bx          0x08005c70        0x0
 .v4_bx         0x08005c70        0x0 linker stubs

.iplt           0x08005c70        0x0
 .iplt          0x08005c70        0x0 /Applications/STM32CubeIDE.app/Contents/Eclipse/plugins/com.st.stm32cube.ide.mcu.externaltools.gnu-tools-for-stm32.12.3.rel1.macos64_1.0.200.202406191456/tools/bin/../lib/gcc/arm-none-eabi/12.3.1/thumb/v7-m/nofp/crtbegin.o

.rodata         0x08005c70      0x34c
                0x08005c70                        . = ALIGN (0x4)
 *(.rodata)
 .rodata        0x08005c70      0x32c ./Core/Src/main.o
 .rodata        0x08005f9c       0x10 ./Drivers/STM32F1xx_HAL_Driver/Src/stm32f1xx_hal_rcc.o
 *(.rodata*)
 .rodata.AHBPrescTable
                0x08005fac       0x10 ./Core/Src/system_stm32f1xx.o
                0x08005fac                AHBPrescTable
                0x08005fbc                        . = ALIGN (0x4)

.rel.dyn        0x08005fbc        0x0
 .rel.iplt      0x08005fbc        0x0 /Applications/STM32CubeIDE.app/Contents/Eclipse/plugins/com.st.stm32cube.ide.mcu.externaltools.gnu-tools-for-stm32.12.3.rel1.macos64_1.0.200.202406191456/tools/bin/../lib/gcc/arm-none-eabi/12.3.1/thumb/v7-m/nofp/crtbegin.o

.ARM.extab      0x08005fbc        0x0
                0x08005fbc                        . = ALIGN (0x4)
 *(.ARM.extab* .gnu.linkonce.armextab.*)
                0x08005fbc                        . = ALIGN (0x4)

.ARM            0x08005fbc        0x0
                0x08005fbc                        . = ALIGN (0x4)
                0x08005fbc                        __exidx_start = .
 *(.ARM.exidx*)
                0x08005fbc                        __exidx_end = .
                0x08005fbc                        . = ALIGN (0x4)

.preinit_array  0x08005fbc        0x0
                0x08005fbc                        . = ALIGN (0x4)
                0x08005fbc                        PROVIDE (__preinit_array_start = .)
 *(.preinit_array*)
                0x08005fbc                        PROVIDE (__preinit_array_end = .)
                0x08005fbc                        . = ALIGN (0x4)

.init_array     0x08005fbc        0x4
                0x08005fbc                        . = ALIGN (0x4)
                0x08005fbc                        PROVIDE (__init_array_start = .)
 *(SORT_BY_NAME(.init_array.*))
 *(.init_array*)
 .init_array    0x08005fbc        0x4 /Applications/STM32CubeIDE.app/Contents/Eclipse/plugins/com.st.stm32cube.ide.mcu.externaltools.gnu-tools-for-stm32.12.3.rel1.macos64_1.0.200.202406191456/tools/bin/../lib/gcc/arm-none-eabi/12.3.1/thumb/v7-m/nofp/crtbegin.o
                0x08005fc0                        PROVIDE (__init_array_end = .)
                0x08005fc0                        . = ALIGN (0x4)

.fini_array     0x08005fc0        0x4
                0x08005fc0                        . = ALIGN (0x4)
                [!provide]                        PROVIDE (__fini_array_start = .)
 *(SORT_BY_NAME(.fini_array.*))
 *(.fini_array*)
 .fini_array    0x08005fc0        0x4 /Applications/STM32CubeIDE.app/Contents/Eclipse/plugins/com.st.stm32cube.ide.mcu.externaltools.gnu-tools-for-stm32.12.3.rel1.macos64_1.0.200.202406191456/tools/bin/../lib/gcc/arm-none-eabi/12.3.1/thumb/v7-m/nofp/crtbegin.o
                [!provide]                        PROVIDE (__fini_array_end = .)
                0x08005fc4                        . = ALIGN (0x4)
                0x08005fc4                        _sidata = LOADADDR (.data)

.data           0x20000000       0x28 load address 0x08005fc4
                0x20000000                        . = ALIGN (0x4)
                0x20000000                        _sdata = .
 *(.data)
 *(.data*)
 .data.exitmenu
                0x20000000        0x1 ./Core/Src/main.o
                0x20000000                exitmenu
 *fill*         0x20000001        0x3 
 .data.AddressUID
                0x20000004        0x4 ./Core/Src/main.o
                0x20000004                AddressUID
 .data.PassWord
                0x20000008       0x10 ./Core/Src/main.o
                0x20000008                PassWord
 .data.delayloa
                0x20000018        0x4 ./Core/Src/main.o
                0x20000018                delayloa
 .data.SystemCoreClock
                0x2000001c        0x4 ./Core/Src/system_stm32f1xx.o
                0x2000001c                SystemCoreClock
 .data.uwTickPrio
                0x20000020        0x4 ./Drivers/STM32F1xx_HAL_Driver/Src/stm32f1xx_hal.o
                0x20000020                uwTickPrio
 .data.uwTickFreq
                0x20000024        0x1 ./Drivers/STM32F1xx_HAL_Driver/Src/stm32f1xx_hal.o
                0x20000024                uwTickFreq
 *(.RamFunc)
 *(.RamFunc*)
                0x20000028                        . = ALIGN (0x4)
 *fill*         0x20000025        0x3 
                0x20000028                        _edata = .

.igot.plt       0x20000028        0x0 load address 0x08005fec
 .igot.plt      0x20000028        0x0 /Applications/STM32CubeIDE.app/Contents/Eclipse/plugins/com.st.stm32cube.ide.mcu.externaltools.gnu-tools-for-stm32.12.3.rel1.macos64_1.0.200.202406191456/tools/bin/../lib/gcc/arm-none-eabi/12.3.1/thumb/v7-m/nofp/crtbegin.o
                0x20000028                        . = ALIGN (0x4)

.bss            0x20000028      0x160 load address 0x08005fec
                0x20000028                        _sbss = .
                0x20000028                        __bss_start__ = _sbss
 *(.bss)
 .bss           0x20000028       0x1c /Applications/STM32CubeIDE.app/Contents/Eclipse/plugins/com.st.stm32cube.ide.mcu.externaltools.gnu-tools-for-stm32.12.3.rel1.macos64_1.0.200.202406191456/tools/bin/../lib/gcc/arm-none-eabi/12.3.1/thumb/v7-m/nofp/crtbegin.o
 *(.bss*)
 .bss.hspi1     0x20000044       0x58 ./Core/Src/main.o
                0x20000044                hspi1
 .bss.htim2     0x2000009c       0x48 ./Core/Src/main.o
                0x2000009c                htim2
 .bss.CardID    0x200000e4       0x10 ./Core/Src/main.o
                0x200000e4                CardID
 .bss.LCD1      0x200000f4       0x58 ./Core/Src/main.o
                0x200000f4                LCD1
 .bss.str       0x2000014c       0x14 ./Core/Src/main.o
                0x2000014c                str
 .bss.uwTick    0x20000160        0x4 ./Drivers/STM32F1xx_HAL_Driver/Src/stm32f1xx_hal.o
                0x20000160                uwTick
 *fill*         0x20000164        0x4 
 .bss.pFlash    0x20000168       0x20 ./Drivers/STM32F1xx_HAL_Driver/Src/stm32f1xx_hal_flash.o
                0x20000168                pFlash
 *(COMMON)
                0x20000188                        . = ALIGN (0x4)
                0x20000188                        _ebss = .
                0x20000188                        __bss_end__ = _ebss

._user_heap_stack
                0x20000188      0x600 load address 0x08005fec
                0x20000188                        . = ALIGN (0x8)
                [!provide]                        PROVIDE (end = .)
                0x20000188                        PROVIDE (_end = .)
                0x20000388                        . = (. + _Min_Heap_Size)
 *fill*         0x20000188      0x200 
                0x20000788                        . = (. + _Min_Stack_Size)
 *fill*         0x20000388      0x400 
                0x20000788                        . = ALIGN (0x8)

/DISCARD/
 libc.a(*)
 libm.a(*)
 libgcc.a(*)

.ARM.attributes
                0x00000000       0x29
 *(.ARM.attributes)
 .ARM.attributes
                0x00000000       0x1d /Applications/STM32CubeIDE.app/Contents/Eclipse/plugins/com.st.stm32cube.ide.mcu.externaltools.gnu-tools-for-stm32.12.3.rel1.macos64_1.0.200.202406191456/tools/bin/../lib/gcc/arm-none-eabi/12.3.1/thumb/v7-m/nofp/crti.o
 .ARM.attributes
                0x0000001d       0x2d /Applications/STM32CubeIDE.app/Contents/Eclipse/plugins/com.st.stm32cube.ide.mcu.externaltools.gnu-tools-for-stm32.12.3.rel1.macos64_1.0.200.202406191456/tools/bin/../lib/gcc/arm-none-eabi/12.3.1/thumb/v7-m/nofp/crtbegin.o
 .ARM.attributes
                0x0000004a       0x2d ./Core/Src/flash.o
 .ARM.attributes
                0x00000077       0x2d ./Core/Src/lcd.o
 .ARM.attributes
                0x000000a4       0x2d ./Core/Src/main.o
 .ARM.attributes
                0x000000d1       0x2d ./Core/Src/rc522.o
 .ARM.attributes
                0x000000fe       0x2d ./Core/Src/stm32f1xx_hal_msp.o
 .ARM.attributes
                0x0000012b       0x2d ./Core/Src/stm32f1xx_it.o
 .ARM.attributes
                0x00000158       0x2d ./Core/Src/system_stm32f1xx.o
 .ARM.attributes
                0x00000185       0x21 ./Core/Startup/startup_stm32f103c8tx.o
 .ARM.attributes
                0x000001a6       0x2d ./Drivers/STM32F1xx_HAL_Driver/Src/stm32f1xx_hal.o
 .ARM.attributes
                0x000001d3       0x2d ./Drivers/STM32F1xx_HAL_Driver/Src/stm32f1xx_hal_cortex.o
 .ARM.attributes
                0x00000200       0x2d ./Drivers/STM32F1xx_HAL_Driver/Src/stm32f1xx_hal_flash.o
 .ARM.attributes
                0x0000022d       0x2d ./Drivers/STM32F1xx_HAL_Driver/Src/stm32f1xx_hal_flash_ex.o
 .ARM.attributes
                0x0000025a       0x2d ./Drivers/STM32F1xx_HAL_Driver/Src/stm32f1xx_hal_gpio.o
 .ARM.attributes
                0x00000287       0x2d ./Drivers/STM32F1xx_HAL_Driver/Src/stm32f1xx_hal_rcc.o
 .ARM.attributes
                0x000002b4       0x2d ./Drivers/STM32F1xx_HAL_Driver/Src/stm32f1xx_hal_spi.o
 .ARM.attributes
                0x000002e1       0x2d ./Drivers/STM32F1xx_HAL_Driver/Src/stm32f1xx_hal_tim.o
 .ARM.attributes
                0x0000030e       0x2d ./Drivers/STM32F1xx_HAL_Driver/Src/stm32f1xx_hal_tim_ex.o
 .ARM.attributes
                0x0000033b       0x2d /Applications/STM32CubeIDE.app/Contents/Eclipse/plugins/com.st.stm32cube.ide.mcu.externaltools.gnu-tools-for-stm32.12.3.rel1.macos64_1.0.200.202406191456/tools/bin/../lib/gcc/arm-none-eabi/12.3.1/../../../../arm-none-eabi/lib/thumb/v7-m/nofp/libc_nano.a(libc_a-memset.o)
 .ARM.attributes
                0x00000368       0x2d /Applications/STM32CubeIDE.app/Contents/Eclipse/plugins/com.st.stm32cube.ide.mcu.externaltools.gnu-tools-for-stm32.12.3.rel1.macos64_1.0.200.202406191456/tools/bin/../lib/gcc/arm-none-eabi/12.3.1/../../../../arm-none-eabi/lib/thumb/v7-m/nofp/libc_nano.a(libc_a-init.o)
 .ARM.attributes
                0x00000395       0x1d /Applications/STM32CubeIDE.app/Contents/Eclipse/plugins/com.st.stm32cube.ide.mcu.externaltools.gnu-tools-for-stm32.12.3.rel1.macos64_1.0.200.202406191456/tools/bin/../lib/gcc/arm-none-eabi/12.3.1/thumb/v7-m/nofp/crtn.o
OUTPUT(rfid.elf elf32-littlearm)
LOAD linker stubs
LOAD /Applications/STM32CubeIDE.app/Contents/Eclipse/plugins/com.st.stm32cube.ide.mcu.externaltools.gnu-tools-for-stm32.12.3.rel1.macos64_1.0.200.202406191456/tools/bin/../lib/gcc/arm-none-eabi/12.3.1/../../../../arm-none-eabi/lib/thumb/v7-m/nofp/libc.a
LOAD /Applications/STM32CubeIDE.app/Contents/Eclipse/plugins/com.st.stm32cube.ide.mcu.externaltools.gnu-tools-for-stm32.12.3.rel1.macos64_1.0.200.202406191456/tools/bin/../lib/gcc/arm-none-eabi/12.3.1/../../../../arm-none-eabi/lib/thumb/v7-m/nofp/libm.a
LOAD /Applications/STM32CubeIDE.app/Contents/Eclipse/plugins/com.st.stm32cube.ide.mcu.externaltools.gnu-tools-for-stm32.12.3.rel1.macos64_1.0.200.202406191456/tools/bin/../lib/gcc/arm-none-eabi/12.3.1/thumb/v7-m/nofp/libgcc.a

.debug_info     0x00000000     0xc1a3
 .debug_info    0x00000000      0x39d ./Core/Src/flash.o
 .debug_info    0x0000039d      0x794 ./Core/Src/lcd.o
 .debug_info    0x00000b31     0x173a ./Core/Src/main.o
 .debug_info    0x0000226b      0xcfc ./Core/Src/rc522.o
 .debug_info    0x00002f67      0xd48 ./Core/Src/stm32f1xx_hal_msp.o
 .debug_info    0x00003caf      0x69c ./Core/Src/stm32f1xx_it.o
 .debug_info    0x0000434b      0x222 ./Core/Src/system_stm32f1xx.o
 .debug_info    0x0000456d       0x30 ./Core/Startup/startup_stm32f103c8tx.o
 .debug_info    0x0000459d      0x704 ./Drivers/STM32F1xx_HAL_Driver/Src/stm32f1xx_hal.o
 .debug_info    0x00004ca1      0xa87 ./Drivers/STM32F1xx_HAL_Driver/Src/stm32f1xx_hal_cortex.o
 .debug_info    0x00005728      0x4f8 ./Drivers/STM32F1xx_HAL_Driver/Src/stm32f1xx_hal_flash.o
 .debug_info    0x00005c20      0x777 ./Drivers/STM32F1xx_HAL_Driver/Src/stm32f1xx_hal_flash_ex.o
 .debug_info    0x00006397      0x5ab ./Drivers/STM32F1xx_HAL_Driver/Src/stm32f1xx_hal_gpio.o
 .debug_info    0x00006942      0x7e9 ./Drivers/STM32F1xx_HAL_Driver/Src/stm32f1xx_hal_rcc.o
 .debug_info    0x0000712b     0x14fe ./Drivers/STM32F1xx_HAL_Driver/Src/stm32f1xx_hal_spi.o
 .debug_info    0x00008629     0x2789 ./Drivers/STM32F1xx_HAL_Driver/Src/stm32f1xx_hal_tim.o
 .debug_info    0x0000adb2     0x13f1 ./Drivers/STM32F1xx_HAL_Driver/Src/stm32f1xx_hal_tim_ex.o

.debug_abbrev   0x00000000     0x239f
 .debug_abbrev  0x00000000      0x167 ./Core/Src/flash.o
 .debug_abbrev  0x00000167      0x1c5 ./Core/Src/lcd.o
 .debug_abbrev  0x0000032c      0x365 ./Core/Src/main.o
 .debug_abbrev  0x00000691      0x2c9 ./Core/Src/rc522.o
 .debug_abbrev  0x0000095a      0x1d7 ./Core/Src/stm32f1xx_hal_msp.o
 .debug_abbrev  0x00000b31      0x191 ./Core/Src/stm32f1xx_it.o
 .debug_abbrev  0x00000cc2      0x13f ./Core/Src/system_stm32f1xx.o
 .debug_abbrev  0x00000e01       0x24 ./Core/Startup/startup_stm32f103c8tx.o
 .debug_abbrev  0x00000e25      0x201 ./Drivers/STM32F1xx_HAL_Driver/Src/stm32f1xx_hal.o
 .debug_abbrev  0x00001026      0x2f8 ./Drivers/STM32F1xx_HAL_Driver/Src/stm32f1xx_hal_cortex.o
 .debug_abbrev  0x0000131e      0x250 ./Drivers/STM32F1xx_HAL_Driver/Src/stm32f1xx_hal_flash.o
 .debug_abbrev  0x0000156e      0x247 ./Drivers/STM32F1xx_HAL_Driver/Src/stm32f1xx_hal_flash_ex.o
 .debug_abbrev  0x000017b5      0x1ca ./Drivers/STM32F1xx_HAL_Driver/Src/stm32f1xx_hal_gpio.o
 .debug_abbrev  0x0000197f      0x2b1 ./Drivers/STM32F1xx_HAL_Driver/Src/stm32f1xx_hal_rcc.o
 .debug_abbrev  0x00001c30      0x284 ./Drivers/STM32F1xx_HAL_Driver/Src/stm32f1xx_hal_spi.o
 .debug_abbrev  0x00001eb4      0x270 ./Drivers/STM32F1xx_HAL_Driver/Src/stm32f1xx_hal_tim.o
 .debug_abbrev  0x00002124      0x27b ./Drivers/STM32F1xx_HAL_Driver/Src/stm32f1xx_hal_tim_ex.o

.debug_aranges  0x00000000      0xe40
 .debug_aranges
                0x00000000       0x60 ./Core/Src/flash.o
 .debug_aranges
                0x00000060       0x88 ./Core/Src/lcd.o
 .debug_aranges
                0x000000e8       0xb8 ./Core/Src/main.o
 .debug_aranges
                0x000001a0       0xb8 ./Core/Src/rc522.o
 .debug_aranges
                0x00000258       0x40 ./Core/Src/stm32f1xx_hal_msp.o
 .debug_aranges
                0x00000298       0x68 ./Core/Src/stm32f1xx_it.o
 .debug_aranges
                0x00000300       0x28 ./Core/Src/system_stm32f1xx.o
 .debug_aranges
                0x00000328       0x28 ./Core/Startup/startup_stm32f103c8tx.o
 .debug_aranges
                0x00000350       0xe0 ./Drivers/STM32F1xx_HAL_Driver/Src/stm32f1xx_hal.o
 .debug_aranges
                0x00000430      0x100 ./Drivers/STM32F1xx_HAL_Driver/Src/stm32f1xx_hal_cortex.o
 .debug_aranges
                0x00000530       0x88 ./Drivers/STM32F1xx_HAL_Driver/Src/stm32f1xx_hal_flash.o
 .debug_aranges
                0x000005b8       0x98 ./Drivers/STM32F1xx_HAL_Driver/Src/stm32f1xx_hal_flash_ex.o
 .debug_aranges
                0x00000650       0x58 ./Drivers/STM32F1xx_HAL_Driver/Src/stm32f1xx_hal_gpio.o
 .debug_aranges
                0x000006a8       0x90 ./Drivers/STM32F1xx_HAL_Driver/Src/stm32f1xx_hal_rcc.o
 .debug_aranges
                0x00000738      0x1d0 ./Drivers/STM32F1xx_HAL_Driver/Src/stm32f1xx_hal_spi.o
 .debug_aranges
                0x00000908      0x3d0 ./Drivers/STM32F1xx_HAL_Driver/Src/stm32f1xx_hal_tim.o
 .debug_aranges
                0x00000cd8      0x168 ./Drivers/STM32F1xx_HAL_Driver/Src/stm32f1xx_hal_tim_ex.o

.debug_rnglists
                0x00000000      0xafa
 .debug_rnglists
                0x00000000       0x43 ./Core/Src/flash.o
 .debug_rnglists
                0x00000043       0x66 ./Core/Src/lcd.o
 .debug_rnglists
                0x000000a9       0x8f ./Core/Src/main.o
 .debug_rnglists
                0x00000138       0x8a ./Core/Src/rc522.o
 .debug_rnglists
                0x000001c2       0x2c ./Core/Src/stm32f1xx_hal_msp.o
 .debug_rnglists
                0x000001ee       0x49 ./Core/Src/stm32f1xx_it.o
 .debug_rnglists
                0x00000237       0x1a ./Core/Src/system_stm32f1xx.o
 .debug_rnglists
                0x00000251       0x19 ./Core/Startup/startup_stm32f103c8tx.o
 .debug_rnglists
                0x0000026a       0xa3 ./Drivers/STM32F1xx_HAL_Driver/Src/stm32f1xx_hal.o
 .debug_rnglists
                0x0000030d       0xbb ./Drivers/STM32F1xx_HAL_Driver/Src/stm32f1xx_hal_cortex.o
 .debug_rnglists
                0x000003c8       0x66 ./Drivers/STM32F1xx_HAL_Driver/Src/stm32f1xx_hal_flash.o
 .debug_rnglists
                0x0000042e       0x74 ./Drivers/STM32F1xx_HAL_Driver/Src/stm32f1xx_hal_flash_ex.o
 .debug_rnglists
                0x000004a2       0x3f ./Drivers/STM32F1xx_HAL_Driver/Src/stm32f1xx_hal_gpio.o
 .debug_rnglists
                0x000004e1       0x6c ./Drivers/STM32F1xx_HAL_Driver/Src/stm32f1xx_hal_rcc.o
 .debug_rnglists
                0x0000054d      0x16e ./Drivers/STM32F1xx_HAL_Driver/Src/stm32f1xx_hal_spi.o
 .debug_rnglists
                0x000006bb      0x31a ./Drivers/STM32F1xx_HAL_Driver/Src/stm32f1xx_hal_tim.o
 .debug_rnglists
                0x000009d5      0x125 ./Drivers/STM32F1xx_HAL_Driver/Src/stm32f1xx_hal_tim_ex.o

.debug_macro    0x00000000    0x18424
 .debug_macro   0x00000000      0x27b ./Core/Src/flash.o
 .debug_macro   0x0000027b      0xaa8 ./Core/Src/flash.o
 .debug_macro   0x00000d23      0x21b ./Core/Src/flash.o
 .debug_macro   0x00000f3e       0x2e ./Core/Src/flash.o
 .debug_macro   0x00000f6c       0x22 ./Core/Src/flash.o
 .debug_macro   0x00000f8e       0x22 ./Core/Src/flash.o
 .debug_macro   0x00000fb0       0x8e ./Core/Src/flash.o
 .debug_macro   0x0000103e       0x51 ./Core/Src/flash.o
 .debug_macro   0x0000108f      0x103 ./Core/Src/flash.o
 .debug_macro   0x00001192       0x6a ./Core/Src/flash.o
 .debug_macro   0x000011fc      0x1df ./Core/Src/flash.o
 .debug_macro   0x000013db       0x1c ./Core/Src/flash.o
 .debug_macro   0x000013f7       0x22 ./Core/Src/flash.o
 .debug_macro   0x00001419       0xbd ./Core/Src/flash.o
 .debug_macro   0x000014d6      0xd23 ./Core/Src/flash.o
 .debug_macro   0x000021f9     0xe09e ./Core/Src/flash.o
 .debug_macro   0x00010297       0x6d ./Core/Src/flash.o
 .debug_macro   0x00010304     0x3468 ./Core/Src/flash.o
 .debug_macro   0x0001376c      0x189 ./Core/Src/flash.o
 .debug_macro   0x000138f5       0x5c ./Core/Src/flash.o
 .debug_macro   0x00013951      0x5be ./Core/Src/flash.o
 .debug_macro   0x00013f0f      0x289 ./Core/Src/flash.o
 .debug_macro   0x00014198      0x1cb ./Core/Src/flash.o
 .debug_macro   0x00014363      0x114 ./Core/Src/flash.o
 .debug_macro   0x00014477      0x1b2 ./Core/Src/flash.o
 .debug_macro   0x00014629       0x27 ./Core/Src/flash.o
 .debug_macro   0x00014650      0x136 ./Core/Src/flash.o
 .debug_macro   0x00014786      0x1bc ./Core/Src/flash.o
 .debug_macro   0x00014942       0x34 ./Core/Src/flash.o
 .debug_macro   0x00014976       0x3c ./Core/Src/flash.o
 .debug_macro   0x000149b2       0x57 ./Core/Src/flash.o
 .debug_macro   0x00014a09       0x88 ./Core/Src/flash.o
 .debug_macro   0x00014a91      0x241 ./Core/Src/flash.o
 .debug_macro   0x00014cd2      0x141 ./Core/Src/flash.o
 .debug_macro   0x00014e13      0x217 ./Core/Src/flash.o
 .debug_macro   0x0001502a      0x8d1 ./Core/Src/flash.o
 .debug_macro   0x000158fb       0x83 ./Core/Src/flash.o
 .debug_macro   0x0001597e       0x61 ./Core/Src/flash.o
 .debug_macro   0x000159df       0x24 ./Core/Src/flash.o
 .debug_macro   0x00015a03       0x43 ./Core/Src/flash.o
 .debug_macro   0x00015a46       0x34 ./Core/Src/flash.o
 .debug_macro   0x00015a7a       0x16 ./Core/Src/flash.o
 .debug_macro   0x00015a90       0x43 ./Core/Src/flash.o
 .debug_macro   0x00015ad3       0x34 ./Core/Src/flash.o
 .debug_macro   0x00015b07       0x10 ./Core/Src/flash.o
 .debug_macro   0x00015b17       0x58 ./Core/Src/flash.o
 .debug_macro   0x00015b6f       0x8e ./Core/Src/flash.o
 .debug_macro   0x00015bfd       0x1c ./Core/Src/flash.o
 .debug_macro   0x00015c19      0x177 ./Core/Src/flash.o
 .debug_macro   0x00015d90      0x369 ./Core/Src/flash.o
 .debug_macro   0x000160f9       0x10 ./Core/Src/flash.o
 .debug_macro   0x00016109       0x35 ./Core/Src/flash.o
 .debug_macro   0x0001613e       0x20 ./Core/Src/flash.o
 .debug_macro   0x0001615e      0x1b2 ./Core/Src/lcd.o
 .debug_macro   0x00016310       0xb8 ./Core/Src/lcd.o
 .debug_macro   0x000163c8      0x2dc ./Core/Src/main.o
 .debug_macro   0x000166a4       0xac ./Core/Src/main.o
 .debug_macro   0x00016750       0x16 ./Core/Src/main.o
 .debug_macro   0x00016766       0x10 ./Core/Src/main.o
 .debug_macro   0x00016776       0x16 ./Core/Src/main.o
 .debug_macro   0x0001678c       0x16 ./Core/Src/main.o
 .debug_macro   0x000167a2      0x146 ./Core/Src/main.o
 .debug_macro   0x000168e8       0xbe ./Core/Src/main.o
 .debug_macro   0x000169a6      0x21a ./Core/Src/main.o
 .debug_macro   0x00016bc0       0x16 ./Core/Src/main.o
 .debug_macro   0x00016bd6      0x1b2 ./Core/Src/rc522.o
 .debug_macro   0x00016d88      0x214 ./Core/Src/rc522.o
 .debug_macro   0x00016f9c      0x1b2 ./Core/Src/stm32f1xx_hal_msp.o
 .debug_macro   0x0001714e      0x1bc ./Core/Src/stm32f1xx_it.o
 .debug_macro   0x0001730a      0x1a3 ./Core/Src/system_stm32f1xx.o
 .debug_macro   0x000174ad      0x1c7 ./Drivers/STM32F1xx_HAL_Driver/Src/stm32f1xx_hal.o
 .debug_macro   0x00017674      0x1a3 ./Drivers/STM32F1xx_HAL_Driver/Src/stm32f1xx_hal_cortex.o
 .debug_macro   0x00017817      0x1a3 ./Drivers/STM32F1xx_HAL_Driver/Src/stm32f1xx_hal_flash.o
 .debug_macro   0x000179ba      0x1b5 ./Drivers/STM32F1xx_HAL_Driver/Src/stm32f1xx_hal_flash_ex.o
 .debug_macro   0x00017b6f      0x20e ./Drivers/STM32F1xx_HAL_Driver/Src/stm32f1xx_hal_gpio.o
 .debug_macro   0x00017d7d      0x1b5 ./Drivers/STM32F1xx_HAL_Driver/Src/stm32f1xx_hal_rcc.o
 .debug_macro   0x00017f32      0x1ab ./Drivers/STM32F1xx_HAL_Driver/Src/stm32f1xx_hal_spi.o
 .debug_macro   0x000180dd      0x1a4 ./Drivers/STM32F1xx_HAL_Driver/Src/stm32f1xx_hal_tim.o
 .debug_macro   0x00018281      0x1a3 ./Drivers/STM32F1xx_HAL_Driver/Src/stm32f1xx_hal_tim_ex.o

.debug_line     0x00000000     0xf318
 .debug_line    0x00000000      0x932 ./Core/Src/flash.o
 .debug_line    0x00000932      0x9c1 ./Core/Src/lcd.o
 .debug_line    0x000012f3     0x1598 ./Core/Src/main.o
 .debug_line    0x0000288b      0xc06 ./Core/Src/rc522.o
 .debug_line    0x00003491      0x727 ./Core/Src/stm32f1xx_hal_msp.o
 .debug_line    0x00003bb8      0x773 ./Core/Src/stm32f1xx_it.o
 .debug_line    0x0000432b      0x717 ./Core/Src/system_stm32f1xx.o
 .debug_line    0x00004a42       0x79 ./Core/Startup/startup_stm32f103c8tx.o
 .debug_line    0x00004abb      0x944 ./Drivers/STM32F1xx_HAL_Driver/Src/stm32f1xx_hal.o
 .debug_line    0x000053ff      0xb30 ./Drivers/STM32F1xx_HAL_Driver/Src/stm32f1xx_hal_cortex.o
 .debug_line    0x00005f2f      0xa2d ./Drivers/STM32F1xx_HAL_Driver/Src/stm32f1xx_hal_flash.o
 .debug_line    0x0000695c      0xb14 ./Drivers/STM32F1xx_HAL_Driver/Src/stm32f1xx_hal_flash_ex.o
 .debug_line    0x00007470      0x9db ./Drivers/STM32F1xx_HAL_Driver/Src/stm32f1xx_hal_gpio.o
 .debug_line    0x00007e4b      0xd4f ./Drivers/STM32F1xx_HAL_Driver/Src/stm32f1xx_hal_rcc.o
 .debug_line    0x00008b9a     0x1bfa ./Drivers/STM32F1xx_HAL_Driver/Src/stm32f1xx_hal_spi.o
 .debug_line    0x0000a794     0x3318 ./Drivers/STM32F1xx_HAL_Driver/Src/stm32f1xx_hal_tim.o
 .debug_line    0x0000daac     0x186c ./Drivers/STM32F1xx_HAL_Driver/Src/stm32f1xx_hal_tim_ex.o

.debug_str      0x00000000    0x8ac38
 .debug_str     0x00000000    0x85b85 ./Core/Src/flash.o
                              0x85eec (size before relaxing)
 .debug_str     0x00085b85      0x4a9 ./Core/Src/lcd.o
                              0x830c6 (size before relaxing)
 .debug_str     0x0008602e     0x1c47 ./Core/Src/main.o
                              0x87f34 (size before relaxing)
 .debug_str     0x00087c75      0x2d0 ./Core/Src/rc522.o
                              0x83c61 (size before relaxing)
 .debug_str     0x00087f45      0x371 ./Core/Src/stm32f1xx_hal_msp.o
                              0x83930 (size before relaxing)
 .debug_str     0x000882b6       0xec ./Core/Src/stm32f1xx_it.o
                              0x833ad (size before relaxing)
 .debug_str     0x000883a2       0x7e ./Core/Src/system_stm32f1xx.o
                              0x82cb1 (size before relaxing)
 .debug_str     0x00088420       0x44 ./Core/Startup/startup_stm32f103c8tx.o
                                 0x9b (size before relaxing)
 .debug_str     0x00088464      0x375 ./Drivers/STM32F1xx_HAL_Driver/Src/stm32f1xx_hal.o
                              0x833e4 (size before relaxing)
 .debug_str     0x000887d9      0x294 ./Drivers/STM32F1xx_HAL_Driver/Src/stm32f1xx_hal_cortex.o
                              0x83330 (size before relaxing)
 .debug_str     0x00088a6d      0x25f ./Drivers/STM32F1xx_HAL_Driver/Src/stm32f1xx_hal_flash.o
                              0x82f8c (size before relaxing)
 .debug_str     0x00088ccc      0x306 ./Drivers/STM32F1xx_HAL_Driver/Src/stm32f1xx_hal_flash_ex.o
                              0x8313a (size before relaxing)
 .debug_str     0x00088fd2      0x2ae ./Drivers/STM32F1xx_HAL_Driver/Src/stm32f1xx_hal_gpio.o
                              0x83037 (size before relaxing)
 .debug_str     0x00089280      0x229 ./Drivers/STM32F1xx_HAL_Driver/Src/stm32f1xx_hal_rcc.o
                              0x830e0 (size before relaxing)
 .debug_str     0x000894a9      0x554 ./Drivers/STM32F1xx_HAL_Driver/Src/stm32f1xx_hal_spi.o
                              0x835dd (size before relaxing)
 .debug_str     0x000899fd      0xda8 ./Drivers/STM32F1xx_HAL_Driver/Src/stm32f1xx_hal_tim.o
                              0x840cb (size before relaxing)
 .debug_str     0x0008a7a5      0x493 ./Drivers/STM32F1xx_HAL_Driver/Src/stm32f1xx_hal_tim_ex.o
                              0x838e7 (size before relaxing)

.comment        0x00000000       0x43
 .comment       0x00000000       0x43 ./Core/Src/flash.o
                                 0x44 (size before relaxing)
 .comment       0x00000043       0x44 ./Core/Src/lcd.o
 .comment       0x00000043       0x44 ./Core/Src/main.o
 .comment       0x00000043       0x44 ./Core/Src/rc522.o
 .comment       0x00000043       0x44 ./Core/Src/stm32f1xx_hal_msp.o
 .comment       0x00000043       0x44 ./Core/Src/stm32f1xx_it.o
 .comment       0x00000043       0x44 ./Core/Src/system_stm32f1xx.o
 .comment       0x00000043       0x44 ./Drivers/STM32F1xx_HAL_Driver/Src/stm32f1xx_hal.o
 .comment       0x00000043       0x44 ./Drivers/STM32F1xx_HAL_Driver/Src/stm32f1xx_hal_cortex.o
 .comment       0x00000043       0x44 ./Drivers/STM32F1xx_HAL_Driver/Src/stm32f1xx_hal_flash.o
 .comment       0x00000043       0x44 ./Drivers/STM32F1xx_HAL_Driver/Src/stm32f1xx_hal_flash_ex.o
 .comment       0x00000043       0x44 ./Drivers/STM32F1xx_HAL_Driver/Src/stm32f1xx_hal_gpio.o
 .comment       0x00000043       0x44 ./Drivers/STM32F1xx_HAL_Driver/Src/stm32f1xx_hal_rcc.o
 .comment       0x00000043       0x44 ./Drivers/STM32F1xx_HAL_Driver/Src/stm32f1xx_hal_spi.o
 .comment       0x00000043       0x44 ./Drivers/STM32F1xx_HAL_Driver/Src/stm32f1xx_hal_tim.o
 .comment       0x00000043       0x44 ./Drivers/STM32F1xx_HAL_Driver/Src/stm32f1xx_hal_tim_ex.o

.debug_frame    0x00000000     0x3ae0
 .debug_frame   0x00000000      0x170 ./Core/Src/flash.o
 .debug_frame   0x00000170      0x208 ./Core/Src/lcd.o
 .debug_frame   0x00000378      0x2c4 ./Core/Src/main.o
 .debug_frame   0x0000063c      0x2dc ./Core/Src/rc522.o
 .debug_frame   0x00000918       0xc8 ./Core/Src/stm32f1xx_hal_msp.o
 .debug_frame   0x000009e0      0x120 ./Core/Src/stm32f1xx_it.o
 .debug_frame   0x00000b00       0x58 ./Core/Src/system_stm32f1xx.o
 .debug_frame   0x00000b58      0x334 ./Drivers/STM32F1xx_HAL_Driver/Src/stm32f1xx_hal.o
 .debug_frame   0x00000e8c      0x428 ./Drivers/STM32F1xx_HAL_Driver/Src/stm32f1xx_hal_cortex.o
 .debug_frame   0x000012b4      0x20c ./Drivers/STM32F1xx_HAL_Driver/Src/stm32f1xx_hal_flash.o
 .debug_frame   0x000014c0      0x258 ./Drivers/STM32F1xx_HAL_Driver/Src/stm32f1xx_hal_flash_ex.o
 .debug_frame   0x00001718      0x14c ./Drivers/STM32F1xx_HAL_Driver/Src/stm32f1xx_hal_gpio.o
 .debug_frame   0x00001864      0x21c ./Drivers/STM32F1xx_HAL_Driver/Src/stm32f1xx_hal_rcc.o
 .debug_frame   0x00001a80      0x824 ./Drivers/STM32F1xx_HAL_Driver/Src/stm32f1xx_hal_spi.o
 .debug_frame   0x000022a4     0x11b8 ./Drivers/STM32F1xx_HAL_Driver/Src/stm32f1xx_hal_tim.o
 .debug_frame   0x0000345c      0x638 ./Drivers/STM32F1xx_HAL_Driver/Src/stm32f1xx_hal_tim_ex.o
 .debug_frame   0x00003a94       0x20 /Applications/STM32CubeIDE.app/Contents/Eclipse/plugins/com.st.stm32cube.ide.mcu.externaltools.gnu-tools-for-stm32.12.3.rel1.macos64_1.0.200.202406191456/tools/bin/../lib/gcc/arm-none-eabi/12.3.1/../../../../arm-none-eabi/lib/thumb/v7-m/nofp/libc_nano.a(libc_a-memset.o)
 .debug_frame   0x00003ab4       0x2c /Applications/STM32CubeIDE.app/Contents/Eclipse/plugins/com.st.stm32cube.ide.mcu.externaltools.gnu-tools-for-stm32.12.3.rel1.macos64_1.0.200.202406191456/tools/bin/../lib/gcc/arm-none-eabi/12.3.1/../../../../arm-none-eabi/lib/thumb/v7-m/nofp/libc_nano.a(libc_a-init.o)

.debug_line_str
                0x00000000       0x7f
 .debug_line_str
                0x00000000       0x7f ./Core/Startup/startup_stm32f103c8tx.o
